Archive member included to satisfy reference by file (symbol)

/opt/st/stm32cubeide_1.13.0/plugins/com.st.stm32cube.ide.mcu.externaltools.gnu-tools-for-stm32.11.3.rel1.linux64_1.1.0.202305231506/tools/bin/../lib/gcc/arm-none-eabi/11.3.1/../../../../arm-none-eabi/lib/thumb/v7e-m+fp/hard/libc_nano.a(libc_a-exit.o)
                              /opt/st/stm32cubeide_1.13.0/plugins/com.st.stm32cube.ide.mcu.externaltools.gnu-tools-for-stm32.11.3.rel1.linux64_1.1.0.202305231506/tools/bin/../lib/gcc/arm-none-eabi/11.3.1/../../../../arm-none-eabi/lib/thumb/v7e-m+fp/hard/crt0.o (exit)
/opt/st/stm32cubeide_1.13.0/plugins/com.st.stm32cube.ide.mcu.externaltools.gnu-tools-for-stm32.11.3.rel1.linux64_1.1.0.202305231506/tools/bin/../lib/gcc/arm-none-eabi/11.3.1/../../../../arm-none-eabi/lib/thumb/v7e-m+fp/hard/libc_nano.a(libc_a-findfp.o)
                              /opt/st/stm32cubeide_1.13.0/plugins/com.st.stm32cube.ide.mcu.externaltools.gnu-tools-for-stm32.11.3.rel1.linux64_1.1.0.202305231506/tools/bin/../lib/gcc/arm-none-eabi/11.3.1/../../../../arm-none-eabi/lib/thumb/v7e-m+fp/hard/libc_nano.a(libc_a-exit.o) (__stdio_exit_handler)
/opt/st/stm32cubeide_1.13.0/plugins/com.st.stm32cube.ide.mcu.externaltools.gnu-tools-for-stm32.11.3.rel1.linux64_1.1.0.202305231506/tools/bin/../lib/gcc/arm-none-eabi/11.3.1/../../../../arm-none-eabi/lib/thumb/v7e-m+fp/hard/libc_nano.a(libc_a-fwalk.o)
                              /opt/st/stm32cubeide_1.13.0/plugins/com.st.stm32cube.ide.mcu.externaltools.gnu-tools-for-stm32.11.3.rel1.linux64_1.1.0.202305231506/tools/bin/../lib/gcc/arm-none-eabi/11.3.1/../../../../arm-none-eabi/lib/thumb/v7e-m+fp/hard/libc_nano.a(libc_a-findfp.o) (_fwalk_sglue)
/opt/st/stm32cubeide_1.13.0/plugins/com.st.stm32cube.ide.mcu.externaltools.gnu-tools-for-stm32.11.3.rel1.linux64_1.1.0.202305231506/tools/bin/../lib/gcc/arm-none-eabi/11.3.1/../../../../arm-none-eabi/lib/thumb/v7e-m+fp/hard/libc_nano.a(libc_a-stdio.o)
                              /opt/st/stm32cubeide_1.13.0/plugins/com.st.stm32cube.ide.mcu.externaltools.gnu-tools-for-stm32.11.3.rel1.linux64_1.1.0.202305231506/tools/bin/../lib/gcc/arm-none-eabi/11.3.1/../../../../arm-none-eabi/lib/thumb/v7e-m+fp/hard/libc_nano.a(libc_a-findfp.o) (__sread)
/opt/st/stm32cubeide_1.13.0/plugins/com.st.stm32cube.ide.mcu.externaltools.gnu-tools-for-stm32.11.3.rel1.linux64_1.1.0.202305231506/tools/bin/../lib/gcc/arm-none-eabi/11.3.1/../../../../arm-none-eabi/lib/thumb/v7e-m+fp/hard/libc_nano.a(libc_a-memset.o)
                              /opt/st/stm32cubeide_1.13.0/plugins/com.st.stm32cube.ide.mcu.externaltools.gnu-tools-for-stm32.11.3.rel1.linux64_1.1.0.202305231506/tools/bin/../lib/gcc/arm-none-eabi/11.3.1/../../../../arm-none-eabi/lib/thumb/v7e-m+fp/hard/crt0.o (memset)
/opt/st/stm32cubeide_1.13.0/plugins/com.st.stm32cube.ide.mcu.externaltools.gnu-tools-for-stm32.11.3.rel1.linux64_1.1.0.202305231506/tools/bin/../lib/gcc/arm-none-eabi/11.3.1/../../../../arm-none-eabi/lib/thumb/v7e-m+fp/hard/libc_nano.a(libc_a-closer.o)
                              /opt/st/stm32cubeide_1.13.0/plugins/com.st.stm32cube.ide.mcu.externaltools.gnu-tools-for-stm32.11.3.rel1.linux64_1.1.0.202305231506/tools/bin/../lib/gcc/arm-none-eabi/11.3.1/../../../../arm-none-eabi/lib/thumb/v7e-m+fp/hard/libc_nano.a(libc_a-stdio.o) (_close_r)
/opt/st/stm32cubeide_1.13.0/plugins/com.st.stm32cube.ide.mcu.externaltools.gnu-tools-for-stm32.11.3.rel1.linux64_1.1.0.202305231506/tools/bin/../lib/gcc/arm-none-eabi/11.3.1/../../../../arm-none-eabi/lib/thumb/v7e-m+fp/hard/libc_nano.a(libc_a-reent.o)
                              /opt/st/stm32cubeide_1.13.0/plugins/com.st.stm32cube.ide.mcu.externaltools.gnu-tools-for-stm32.11.3.rel1.linux64_1.1.0.202305231506/tools/bin/../lib/gcc/arm-none-eabi/11.3.1/../../../../arm-none-eabi/lib/thumb/v7e-m+fp/hard/libc_nano.a(libc_a-closer.o) (errno)
/opt/st/stm32cubeide_1.13.0/plugins/com.st.stm32cube.ide.mcu.externaltools.gnu-tools-for-stm32.11.3.rel1.linux64_1.1.0.202305231506/tools/bin/../lib/gcc/arm-none-eabi/11.3.1/../../../../arm-none-eabi/lib/thumb/v7e-m+fp/hard/libc_nano.a(libc_a-impure.o)
                              /opt/st/stm32cubeide_1.13.0/plugins/com.st.stm32cube.ide.mcu.externaltools.gnu-tools-for-stm32.11.3.rel1.linux64_1.1.0.202305231506/tools/bin/../lib/gcc/arm-none-eabi/11.3.1/../../../../arm-none-eabi/lib/thumb/v7e-m+fp/hard/libc_nano.a(libc_a-reent.o) (_impure_ptr)
/opt/st/stm32cubeide_1.13.0/plugins/com.st.stm32cube.ide.mcu.externaltools.gnu-tools-for-stm32.11.3.rel1.linux64_1.1.0.202305231506/tools/bin/../lib/gcc/arm-none-eabi/11.3.1/../../../../arm-none-eabi/lib/thumb/v7e-m+fp/hard/libc_nano.a(libc_a-lseekr.o)
                              /opt/st/stm32cubeide_1.13.0/plugins/com.st.stm32cube.ide.mcu.externaltools.gnu-tools-for-stm32.11.3.rel1.linux64_1.1.0.202305231506/tools/bin/../lib/gcc/arm-none-eabi/11.3.1/../../../../arm-none-eabi/lib/thumb/v7e-m+fp/hard/libc_nano.a(libc_a-stdio.o) (_lseek_r)
[...]
Memory Configuration

Name             Origin             Length             Attributes
CCMRAM           0x0000000010000000 0x0000000000001000 xrw
RAM              0x0000000020000000 0x0000000000003000 xrw
FLASH            0x0000000008000000 0x0000000000010000 xr
*default*        0x0000000000000000 0xffffffffffffffff

Linker script and memory map

LOAD /opt/st/stm32cubeide_1.13.0/plugins/com.st.stm32cube.ide.mcu.externaltools.gnu-tools-for-stm32.11.3.rel1.linux64_1.1.0.202305231506/tools/bin/../lib/gcc/arm-none-eabi/11.3.1/thumb/v7e-m+fp/hard/crti.o
LOAD /opt/st/stm32cubeide_1.13.0/plugins/com.st.stm32cube.ide.mcu.externaltools.gnu-tools-for-stm32.11.3.rel1.linux64_1.1.0.202305231506/tools/bin/../lib/gcc/arm-none-eabi/11.3.1/thumb/v7e-m+fp/hard/crtbegin.o
LOAD /opt/st/stm32cubeide_1.13.0/plugins/com.st.stm32cube.ide.mcu.externaltools.gnu-tools-for-stm32.11.3.rel1.linux64_1.1.0.202305231506/tools/bin/../lib/gcc/arm-none-eabi/11.3.1/../../../../arm-none-eabi/lib/thumb/v7e-m+fp/hard/crt0.o
LOAD ./Core/Src/can.o
LOAD ./Core/Src/gpio.o
LOAD ./Core/Src/main.o
LOAD ./Core/Src/stm32f3xx_hal_msp.o
LOAD ./Core/Src/stm32f3xx_it.o
LOAD ./Core/Src/syscalls.o
LOAD ./Core/Src/sysmem.o
LOAD ./Core/Src/system_stm32f3xx.o
LOAD ./Core/Src/usart.o
LOAD ./Core/Startup/startup_stm32f303k8tx.o
LOAD ./Drivers/STM32F3xx_HAL_Driver/Src/stm32f3xx_hal.o
LOAD ./Drivers/STM32F3xx_HAL_Driver/Src/stm32f3xx_hal_can.o
LOAD ./Drivers/STM32F3xx_HAL_Driver/Src/stm32f3xx_hal_cortex.o
LOAD ./Drivers/STM32F3xx_HAL_Driver/Src/stm32f3xx_hal_dma.o
LOAD ./Drivers/STM32F3xx_HAL_Driver/Src/stm32f3xx_hal_exti.o
LOAD ./Drivers/STM32F3xx_HAL_Driver/Src/stm32f3xx_hal_flash.o
LOAD ./Drivers/STM32F3xx_HAL_Driver/Src/stm32f3xx_hal_flash_ex.o
LOAD ./Drivers/STM32F3xx_HAL_Driver/Src/stm32f3xx_hal_gpio.o
LOAD ./Drivers/STM32F3xx_HAL_Driver/Src/stm32f3xx_hal_i2c.o
LOAD ./Drivers/STM32F3xx_HAL_Driver/Src/stm32f3xx_hal_i2c_ex.o
LOAD ./Drivers/STM32F3xx_HAL_Driver/Src/stm32f3xx_hal_pwr.o
LOAD ./Drivers/STM32F3xx_HAL_Driver/Src/stm32f3xx_hal_pwr_ex.o
LOAD ./Drivers/STM32F3xx_HAL_Driver/Src/stm32f3xx_hal_rcc.o
LOAD ./Drivers/STM32F3xx_HAL_Driver/Src/stm32f3xx_hal_rcc_ex.o
LOAD ./Drivers/STM32F3xx_HAL_Driver/Src/stm32f3xx_hal_uart.o
LOAD ./Drivers/STM32F3xx_HAL_Driver/Src/stm32f3xx_hal_uart_ex.o
START GROUP
LOAD /opt/st/stm32cubeide_1.13.0/plugins/com.st.stm32cube.ide.mcu.externaltools.gnu-tools-for-stm32.11.3.rel1.linux64_1.1.0.202305231506/tools/bin/../lib/gcc/arm-none-eabi/11.3.1/../../../../arm-none-eabi/lib/thumb/v7e-m+fp/hard/libstdc++_nano.a
LOAD /opt/st/stm32cubeide_1.13.0/plugins/com.st.stm32cube.ide.mcu.externaltools.gnu-tools-for-stm32.11.3.rel1.linux64_1.1.0.202305231506/tools/bin/../lib/gcc/arm-none-eabi/11.3.1/../../../../arm-none-eabi/lib/thumb/v7e-m+fp/hard/libsupc++_nano.a
END GROUP
LOAD /opt/st/stm32cubeide_1.13.0/plugins/com.st.stm32cube.ide.mcu.externaltools.gnu-tools-for-stm32.11.3.rel1.linux64_1.1.0.202305231506/tools/bin/../lib/gcc/arm-none-eabi/11.3.1/../../../../arm-none-eabi/lib/thumb/v7e-m+fp/hard/libstdc++_nano.a
LOAD /opt/st/stm32cubeide_1.13.0/plugins/com.st.stm32cube.ide.mcu.externaltools.gnu-tools-for-stm32.11.3.rel1.linux64_1.1.0.202305231506/tools/bin/../lib/gcc/arm-none-eabi/11.3.1/../../../../arm-none-eabi/lib/thumb/v7e-m+fp/hard/libm.a
LOAD /opt/st/stm32cubeide_1.13.0/plugins/com.st.stm32cube.ide.mcu.externaltools.gnu-tools-for-stm32.11.3.rel1.linux64_1.1.0.202305231506/tools/bin/../lib/gcc/arm-none-eabi/11.3.1/../../../../arm-none-eabi/lib/thumb/v7e-m+fp/hard/libc_nano.a
START GROUP
LOAD /opt/st/stm32cubeide_1.13.0/plugins/com.st.stm32cube.ide.mcu.externaltools.gnu-tools-for-stm32.11.3.rel1.linux64_1.1.0.202305231506/tools/bin/../lib/gcc/arm-none-eabi/11.3.1/thumb/v7e-m+fp/hard/libgcc.a
LOAD /opt/st/stm32cubeide_1.13.0/plugins/com.st.stm32cube.ide.mcu.externaltools.gnu-tools-for-stm32.11.3.rel1.linux64_1.1.0.202305231506/tools/bin/../lib/gcc/arm-none-eabi/11.3.1/../../../../arm-none-eabi/lib/thumb/v7e-m+fp/hard/libc_nano.a
END GROUP
START GROUP
LOAD /opt/st/stm32cubeide_1.13.0/plugins/com.st.stm32cube.ide.mcu.externaltools.gnu-tools-for-stm32.11.3.rel1.linux64_1.1.0.202305231506/tools/bin/../lib/gcc/arm-none-eabi/11.3.1/thumb/v7e-m+fp/hard/libgcc.a
LOAD /opt/st/stm32cubeide_1.13.0/plugins/com.st.stm32cube.ide.mcu.externaltools.gnu-tools-for-stm32.11.3.rel1.linux64_1.1.0.202305231506/tools/bin/../lib/gcc/arm-none-eabi/11.3.1/../../../../arm-none-eabi/lib/thumb/v7e-m+fp/hard/libc_nano.a
LOAD /opt/st/stm32cubeide_1.13.0/plugins/com.st.stm32cube.ide.mcu.externaltools.gnu-tools-for-stm32.11.3.rel1.linux64_1.1.0.202305231506/tools/bin/../lib/gcc/arm-none-eabi/11.3.1/../../../../arm-none-eabi/lib/thumb/v7e-m+fp/hard/libnosys.a
END GROUP
START GROUP
LOAD /opt/st/stm32cubeide_1.13.0/plugins/com.st.stm32cube.ide.mcu.externaltools.gnu-tools-for-stm32.11.3.rel1.linux64_1.1.0.202305231506/tools/bin/../lib/gcc/arm-none-eabi/11.3.1/thumb/v7e-m+fp/hard/libgcc.a
LOAD /opt/st/stm32cubeide_1.13.0/plugins/com.st.stm32cube.ide.mcu.externaltools.gnu-tools-for-stm32.11.3.rel1.linux64_1.1.0.202305231506/tools/bin/../lib/gcc/arm-none-eabi/11.3.1/../../../../arm-none-eabi/lib/thumb/v7e-m+fp/hard/libc_nano.a
LOAD /opt/st/stm32cubeide_1.13.0/plugins/com.st.stm32cube.ide.mcu.externaltools.gnu-tools-for-stm32.11.3.rel1.linux64_1.1.0.202305231506/tools/bin/../lib/gcc/arm-none-eabi/11.3.1/../../../../arm-none-eabi/lib/thumb/v7e-m+fp/hard/libnosys.a
END GROUP
LOAD /opt/st/stm32cubeide_1.13.0/plugins/com.st.stm32cube.ide.mcu.externaltools.gnu-tools-for-stm32.11.3.rel1.linux64_1.1.0.202305231506/tools/bin/../lib/gcc/arm-none-eabi/11.3.1/thumb/v7e-m+fp/hard/crtend.o
LOAD /opt/st/stm32cubeide_1.13.0/plugins/com.st.stm32cube.ide.mcu.externaltools.gnu-tools-for-stm32.11.3.rel1.linux64_1.1.0.202305231506/tools/bin/../lib/gcc/arm-none-eabi/11.3.1/thumb/v7e-m+fp/hard/crtn.o
                0x0000000020003000                _estack = (ORIGIN (RAM) + LENGTH (RAM))
                0x0000000000000200                _Min_Heap_Size = 0x200
                0x0000000000000400                _Min_Stack_Size = 0x400

.isr_vector     0x0000000008000000      0x188
                0x0000000008000000                . = ALIGN (0x4)
 *(.isr_vector)
 .isr_vector    0x0000000008000000      0x188 ./Core/Startup/startup_stm32f303k8tx.o
                0x0000000008000000                g_pfnVectors
                0x0000000008000188                . = ALIGN (0x4)

.text           0x0000000008000188     0x2cd0
                0x0000000008000188                . = ALIGN (0x4)
 *(.text)
 .text          0x0000000008000188       0x40 /opt/st/stm32cubeide_1.13.0/plugins/com.st.stm32cube.ide.mcu.externaltools.gnu-tools-for-stm32.11.3.rel1.linux64_1.1.0.202305231506/tools/bin/../lib/gcc/arm-none-eabi/11.3.1/thumb/v7e-m+fp/hard/crtbegin.o
 .text          0x00000000080001c8       0x10 /opt/st/stm32cubeide_1.13.0/plugins/com.st.stm32cube.ide.mcu.externaltools.gnu-tools-for-stm32.11.3.rel1.linux64_1.1.0.202305231506/tools/bin/../lib/gcc/arm-none-eabi/11.3.1/../../../../arm-none-eabi/lib/thumb/v7e-m+fp/hard/libc_nano.a(libc_a-strlen.o)
                0x00000000080001c8                strlen
 *(.text*)
 .text.MX_CAN_Init
                0x00000000080001d8       0x6c ./Core/Src/can.o
                0x00000000080001d8                MX_CAN_Init
 .text.HAL_CAN_MspInit
                0x0000000008000244       0x88 ./Core/Src/can.o
                0x0000000008000244                HAL_CAN_MspInit
 .text.MX_GPIO_Init
                0x00000000080002cc       0x48 ./Core/Src/gpio.o
                0x00000000080002cc                MX_GPIO_Init
 .text.prints   0x0000000008000314       0x2c ./Core/Src/main.o
                0x0000000008000314                prints
 .text.main     0x0000000008000340       0xa4 ./Core/Src/main.o
                0x0000000008000340                main
 .text.SystemClock_Config
                0x00000000080003e4       0x82 ./Core/Src/main.o
                0x00000000080003e4                SystemClock_Config
 .text.Error_Handler
                0x0000000008000466        0xa ./Core/Src/main.o
                0x0000000008000466                Error_Handler
 .text.HAL_MspInit
                0x0000000008000470       0x48 ./Core/Src/stm32f3xx_hal_msp.o
                0x0000000008000470                HAL_MspInit
 .text.NMI_Handler
                0x00000000080004b8        0x6 ./Core/Src/stm32f3xx_it.o
                0x00000000080004b8                NMI_Handler
 .text.HardFault_Handler
                0x00000000080004be        0x6 ./Core/Src/stm32f3xx_it.o
                0x00000000080004be                HardFault_Handler
 .text.MemManage_Handler
                0x00000000080004c4        0x6 ./Core/Src/stm32f3xx_it.o
                0x00000000080004c4                MemManage_Handler
 .text.BusFault_Handler
                0x00000000080004ca        0x6 ./Core/Src/stm32f3xx_it.o
                0x00000000080004ca                BusFault_Handler
 .text.UsageFault_Handler
                0x00000000080004d0        0x6 ./Core/Src/stm32f3xx_it.o
                0x00000000080004d0                UsageFault_Handler
 .text.SVC_Handler
                0x00000000080004d6        0xe ./Core/Src/stm32f3xx_it.o
                0x00000000080004d6                SVC_Handler
 .text.DebugMon_Handler
                0x00000000080004e4        0xe ./Core/Src/stm32f3xx_it.o
                0x00000000080004e4                DebugMon_Handler
 .text.PendSV_Handler
                0x00000000080004f2        0xe ./Core/Src/stm32f3xx_it.o
                0x00000000080004f2                PendSV_Handler
 .text.SysTick_Handler
                0x0000000008000500        0xc ./Core/Src/stm32f3xx_it.o
                0x0000000008000500                SysTick_Handler
 .text.SystemInit
                0x000000000800050c       0x24 ./Core/Src/system_stm32f3xx.o
                0x000000000800050c                SystemInit
 .text.MX_USART2_UART_Init
                0x0000000008000530       0x60 ./Core/Src/usart.o
                0x0000000008000530                MX_USART2_UART_Init
 .text.HAL_UART_MspInit
                0x0000000008000590       0x88 ./Core/Src/usart.o
                0x0000000008000590                HAL_UART_MspInit
 .text.Reset_Handler
                0x0000000008000618       0x50 ./Core/Startup/startup_stm32f303k8tx.o
                0x0000000008000618                Reset_Handler
 .text.Default_Handler
                0x0000000008000668        0x2 ./Core/Startup/startup_stm32f303k8tx.o
                0x0000000008000668                RTC_Alarm_IRQHandler
                0x0000000008000668                TIM1_CC_IRQHandler
                0x0000000008000668                PVD_IRQHandler
                0x0000000008000668                TAMP_STAMP_IRQHandler
                0x0000000008000668                EXTI3_IRQHandler
                0x0000000008000668                EXTI0_IRQHandler
                0x0000000008000668                FPU_IRQHandler
                0x0000000008000668                CAN_TX_IRQHandler
                0x0000000008000668                TIM1_UP_TIM16_IRQHandler
                0x0000000008000668                ADC1_2_IRQHandler
                0x0000000008000668                SPI1_IRQHandler
                0x0000000008000668                CAN_SCE_IRQHandler
                0x0000000008000668                DMA1_Channel4_IRQHandler
                0x0000000008000668                USART3_IRQHandler
                0x0000000008000668                DMA1_Channel7_IRQHandler
                0x0000000008000668                TIM7_DAC2_IRQHandler
                0x0000000008000668                CAN_RX1_IRQHandler
                0x0000000008000668                I2C1_EV_IRQHandler
                0x0000000008000668                DMA1_Channel6_IRQHandler
                0x0000000008000668                TIM3_IRQHandler
                0x0000000008000668                RCC_IRQHandler
                0x0000000008000668                DMA1_Channel1_IRQHandler
                0x0000000008000668                Default_Handler
                0x0000000008000668                EXTI15_10_IRQHandler
                0x0000000008000668                COMP2_IRQHandler
                0x0000000008000668                TIM6_DAC1_IRQHandler
                0x0000000008000668                EXTI9_5_IRQHandler
                0x0000000008000668                RTC_WKUP_IRQHandler
                0x0000000008000668                DMA1_Channel5_IRQHandler
                0x0000000008000668                EXTI4_IRQHandler
                0x0000000008000668                TIM1_TRG_COM_TIM17_IRQHandler
                0x0000000008000668                DMA1_Channel3_IRQHandler
                0x0000000008000668                WWDG_IRQHandler
                0x0000000008000668                TIM2_IRQHandler
                0x0000000008000668                EXTI1_IRQHandler
                0x0000000008000668                COMP4_6_IRQHandler
                0x0000000008000668                USART2_IRQHandler
                0x0000000008000668                DMA1_Channel2_IRQHandler
                0x0000000008000668                FLASH_IRQHandler
                0x0000000008000668                USART1_IRQHandler
                0x0000000008000668                CAN_RX0_IRQHandler
                0x0000000008000668                I2C1_ER_IRQHandler
                0x0000000008000668                EXTI2_TSC_IRQHandler
                0x0000000008000668                TIM1_BRK_TIM15_IRQHandler
 *fill*         0x000000000800066a        0x2 
 .text.HAL_Init
                0x000000000800066c       0x2c ./Drivers/STM32F3xx_HAL_Driver/Src/stm32f3xx_hal.o
                0x000000000800066c                HAL_Init
 .text.HAL_InitTick
                0x0000000008000698       0x60 ./Drivers/STM32F3xx_HAL_Driver/Src/stm32f3xx_hal.o
                0x0000000008000698                HAL_InitTick
 .text.HAL_IncTick
                0x00000000080006f8       0x28 ./Drivers/STM32F3xx_HAL_Driver/Src/stm32f3xx_hal.o
                0x00000000080006f8                HAL_IncTick
 .text.HAL_GetTick
                0x0000000008000720       0x18 ./Drivers/STM32F3xx_HAL_Driver/Src/stm32f3xx_hal.o
                0x0000000008000720                HAL_GetTick
 .text.HAL_Delay
                0x0000000008000738       0x48 ./Drivers/STM32F3xx_HAL_Driver/Src/stm32f3xx_hal.o
                0x0000000008000738                HAL_Delay
 .text.HAL_CAN_Init
                0x0000000008000780      0x1f6 ./Drivers/STM32F3xx_HAL_Driver/Src/stm32f3xx_hal_can.o
                0x0000000008000780                HAL_CAN_Init
 .text.HAL_CAN_Start
                0x0000000008000976       0x88 ./Drivers/STM32F3xx_HAL_Driver/Src/stm32f3xx_hal_can.o
                0x0000000008000976                HAL_CAN_Start
 .text.HAL_CAN_AddTxMessage
                0x00000000080009fe      0x1a0 ./Drivers/STM32F3xx_HAL_Driver/Src/stm32f3xx_hal_can.o
                0x00000000080009fe                HAL_CAN_AddTxMessage
 .text.HAL_CAN_GetTxMailboxesFreeLevel
                0x0000000008000b9e       0x6a ./Drivers/STM32F3xx_HAL_Driver/Src/stm32f3xx_hal_can.o
                0x0000000008000b9e                HAL_CAN_GetTxMailboxesFreeLevel
 .text.__NVIC_SetPriorityGrouping
                0x0000000008000c08       0x48 ./Drivers/STM32F3xx_HAL_Driver/Src/stm32f3xx_hal_cortex.o
 .text.__NVIC_GetPriorityGrouping
                0x0000000008000c50       0x1c ./Drivers/STM32F3xx_HAL_Driver/Src/stm32f3xx_hal_cortex.o
 .text.__NVIC_SetPriority
                0x0000000008000c6c       0x54 ./Drivers/STM32F3xx_HAL_Driver/Src/stm32f3xx_hal_cortex.o
 .text.NVIC_EncodePriority
                0x0000000008000cc0       0x66 ./Drivers/STM32F3xx_HAL_Driver/Src/stm32f3xx_hal_cortex.o
 *fill*         0x0000000008000d26        0x2 
 .text.SysTick_Config
                0x0000000008000d28       0x44 ./Drivers/STM32F3xx_HAL_Driver/Src/stm32f3xx_hal_cortex.o
 .text.HAL_NVIC_SetPriorityGrouping
                0x0000000008000d6c       0x16 ./Drivers/STM32F3xx_HAL_Driver/Src/stm32f3xx_hal_cortex.o
                0x0000000008000d6c                HAL_NVIC_SetPriorityGrouping
 .text.HAL_NVIC_SetPriority
                0x0000000008000d82       0x38 ./Drivers/STM32F3xx_HAL_Driver/Src/stm32f3xx_hal_cortex.o
                0x0000000008000d82                HAL_NVIC_SetPriority
 .text.HAL_SYSTICK_Config
                0x0000000008000dba       0x18 ./Drivers/STM32F3xx_HAL_Driver/Src/stm32f3xx_hal_cortex.o
                0x0000000008000dba                HAL_SYSTICK_Config
 *fill*         0x0000000008000dd2        0x2 
 .text.HAL_GPIO_Init
                0x0000000008000dd4      0x2e4 ./Drivers/STM32F3xx_HAL_Driver/Src/stm32f3xx_hal_gpio.o
                0x0000000008000dd4                HAL_GPIO_Init
 .text.HAL_RCC_OscConfig
                0x00000000080010b8     0x107c ./Drivers/STM32F3xx_HAL_Driver/Src/stm32f3xx_hal_rcc.o
                0x00000000080010b8                HAL_RCC_OscConfig
 .text.HAL_RCC_ClockConfig
                0x0000000008002134      0x2f8 ./Drivers/STM32F3xx_HAL_Driver/Src/stm32f3xx_hal_rcc.o
                0x0000000008002134                HAL_RCC_ClockConfig
 .text.HAL_RCC_GetSysClockFreq
                0x000000000800242c       0xd4 ./Drivers/STM32F3xx_HAL_Driver/Src/stm32f3xx_hal_rcc.o
                0x000000000800242c                HAL_RCC_GetSysClockFreq
 .text.HAL_RCC_GetHCLKFreq
                0x0000000008002500       0x18 ./Drivers/STM32F3xx_HAL_Driver/Src/stm32f3xx_hal_rcc.o
                0x0000000008002500                HAL_RCC_GetHCLKFreq
 .text.HAL_RCC_GetPCLK1Freq
                0x0000000008002518       0x44 ./Drivers/STM32F3xx_HAL_Driver/Src/stm32f3xx_hal_rcc.o
                0x0000000008002518                HAL_RCC_GetPCLK1Freq
 .text.HAL_RCC_GetPCLK2Freq
                0x000000000800255c       0x44 ./Drivers/STM32F3xx_HAL_Driver/Src/stm32f3xx_hal_rcc.o
                0x000000000800255c                HAL_RCC_GetPCLK2Freq
 .text.HAL_UART_Init
                0x00000000080025a0       0x9c ./Drivers/STM32F3xx_HAL_Driver/Src/stm32f3xx_hal_uart.o
                0x00000000080025a0                HAL_UART_Init
 .text.HAL_UART_Transmit
                0x000000000800263c      0x114 ./Drivers/STM32F3xx_HAL_Driver/Src/stm32f3xx_hal_uart.o
                0x000000000800263c                HAL_UART_Transmit
 .text.UART_SetConfig
                0x0000000008002750      0x26c ./Drivers/STM32F3xx_HAL_Driver/Src/stm32f3xx_hal_uart.o
                0x0000000008002750                UART_SetConfig
 .text.UART_AdvFeatureConfig
                0x00000000080029bc      0x144 ./Drivers/STM32F3xx_HAL_Driver/Src/stm32f3xx_hal_uart.o
                0x00000000080029bc                UART_AdvFeatureConfig
 .text.UART_CheckIdleState
                0x0000000008002b00      0x150 ./Drivers/STM32F3xx_HAL_Driver/Src/stm32f3xx_hal_uart.o
                0x0000000008002b00                UART_CheckIdleState
 .text.UART_WaitOnFlagUntilTimeout
                0x0000000008002c50       0xce ./Drivers/STM32F3xx_HAL_Driver/Src/stm32f3xx_hal_uart.o
                0x0000000008002c50                UART_WaitOnFlagUntilTimeout
 .text.UART_EndRxTransfer
                0x0000000008002d1e       0xc8 ./Drivers/STM32F3xx_HAL_Driver/Src/stm32f3xx_hal_uart.o
 .text.memset   0x0000000008002de6       0x10 /opt/st/stm32cubeide_1.13.0/plugins/com.st.stm32cube.ide.mcu.externaltools.gnu-tools-for-stm32.11.3.rel1.linux64_1.1.0.202305231506/tools/bin/../lib/gcc/arm-none-eabi/11.3.1/../../../../arm-none-eabi/lib/thumb/v7e-m+fp/hard/libc_nano.a(libc_a-memset.o)
                0x0000000008002de6                memset
 *fill*         0x0000000008002df6        0x2 
 .text.__libc_init_array
                0x0000000008002df8       0x48 /opt/st/stm32cubeide_1.13.0/plugins/com.st.stm32cube.ide.mcu.externaltools.gnu-tools-for-stm32.11.3.rel1.linux64_1.1.0.202305231506/tools/bin/../lib/gcc/arm-none-eabi/11.3.1/../../../../arm-none-eabi/lib/thumb/v7e-m+fp/hard/libc_nano.a(libc_a-init.o)
                0x0000000008002df8                __libc_init_array
 *(.glue_7)
 .glue_7        0x0000000008002e40        0x0 linker stubs
 *(.glue_7t)
 .glue_7t       0x0000000008002e40        0x0 linker stubs
 *(.eh_frame)
 .eh_frame      0x0000000008002e40        0x0 /opt/st/stm32cubeide_1.13.0/plugins/com.st.stm32cube.ide.mcu.externaltools.gnu-tools-for-stm32.11.3.rel1.linux64_1.1.0.202305231506/tools/bin/../lib/gcc/arm-none-eabi/11.3.1/thumb/v7e-m+fp/hard/crtbegin.o
 *(.init)
 .init          0x0000000008002e40        0x4 /opt/st/stm32cubeide_1.13.0/plugins/com.st.stm32cube.ide.mcu.externaltools.gnu-tools-for-stm32.11.3.rel1.linux64_1.1.0.202305231506/tools/bin/../lib/gcc/arm-none-eabi/11.3.1/thumb/v7e-m+fp/hard/crti.o
                0x0000000008002e40                _init
 .init          0x0000000008002e44        0x8 /opt/st/stm32cubeide_1.13.0/plugins/com.st.stm32cube.ide.mcu.externaltools.gnu-tools-for-stm32.11.3.rel1.linux64_1.1.0.202305231506/tools/bin/../lib/gcc/arm-none-eabi/11.3.1/thumb/v7e-m+fp/hard/crtn.o
 *(.fini)
 .fini          0x0000000008002e4c        0x4 /opt/st/stm32cubeide_1.13.0/plugins/com.st.stm32cube.ide.mcu.externaltools.gnu-tools-for-stm32.11.3.rel1.linux64_1.1.0.202305231506/tools/bin/../lib/gcc/arm-none-eabi/11.3.1/thumb/v7e-m+fp/hard/crti.o
                0x0000000008002e4c                _fini
 .fini          0x0000000008002e50        0x8 /opt/st/stm32cubeide_1.13.0/plugins/com.st.stm32cube.ide.mcu.externaltools.gnu-tools-for-stm32.11.3.rel1.linux64_1.1.0.202305231506/tools/bin/../lib/gcc/arm-none-eabi/11.3.1/thumb/v7e-m+fp/hard/crtn.o
                0x0000000008002e58                . = ALIGN (0x4)
                0x0000000008002e58                _etext = .

.vfp11_veneer   0x0000000008002e58        0x0
 .vfp11_veneer  0x0000000008002e58        0x0 linker stubs

.v4_bx          0x0000000008002e58        0x0
 .v4_bx         0x0000000008002e58        0x0 linker stubs

.iplt           0x0000000008002e58        0x0
 .iplt          0x0000000008002e58        0x0 /opt/st/stm32cubeide_1.13.0/plugins/com.st.stm32cube.ide.mcu.externaltools.gnu-tools-for-stm32.11.3.rel1.linux64_1.1.0.202305231506/tools/bin/../lib/gcc/arm-none-eabi/11.3.1/thumb/v7e-m+fp/hard/crtbegin.o

.rodata         0x0000000008002e58       0x40
                0x0000000008002e58                . = ALIGN (0x4)
 *(.rodata)
 .rodata        0x0000000008002e58        0x8 ./Core/Src/main.o
 *(.rodata*)
 .rodata.AHBPrescTable
                0x0000000008002e60       0x10 ./Core/Src/system_stm32f3xx.o
                0x0000000008002e60                AHBPrescTable
 .rodata.APBPrescTable
                0x0000000008002e70        0x8 ./Core/Src/system_stm32f3xx.o
                0x0000000008002e70                APBPrescTable
 .rodata.aPLLMULFactorTable
                0x0000000008002e78       0x10 ./Drivers/STM32F3xx_HAL_Driver/Src/stm32f3xx_hal_rcc.o
 .rodata.aPredivFactorTable
                0x0000000008002e88       0x10 ./Drivers/STM32F3xx_HAL_Driver/Src/stm32f3xx_hal_rcc.o
                0x0000000008002e98                . = ALIGN (0x4)

.rel.dyn        0x0000000008002e98        0x0
 .rel.iplt      0x0000000008002e98        0x0 /opt/st/stm32cubeide_1.13.0/plugins/com.st.stm32cube.ide.mcu.externaltools.gnu-tools-for-stm32.11.3.rel1.linux64_1.1.0.202305231506/tools/bin/../lib/gcc/arm-none-eabi/11.3.1/thumb/v7e-m+fp/hard/crtbegin.o

.ARM.extab      0x0000000008002e98        0x0
                0x0000000008002e98                . = ALIGN (0x4)
 *(.ARM.extab* .gnu.linkonce.armextab.*)
                0x0000000008002e98                . = ALIGN (0x4)

.ARM            0x0000000008002e98        0x0
                0x0000000008002e98                . = ALIGN (0x4)
                0x0000000008002e98                __exidx_start = .
 *(.ARM.exidx*)
                0x0000000008002e98                __exidx_end = .
                0x0000000008002e98                . = ALIGN (0x4)

.preinit_array  0x0000000008002e98        0x0
                0x0000000008002e98                . = ALIGN (0x4)
                0x0000000008002e98                PROVIDE (__preinit_array_start = .)
 *(.preinit_array*)
                0x0000000008002e98                PROVIDE (__preinit_array_end = .)
                0x0000000008002e98                . = ALIGN (0x4)

.init_array     0x0000000008002e98        0x4
                0x0000000008002e98                . = ALIGN (0x4)
                0x0000000008002e98                PROVIDE (__init_array_start = .)
 *(SORT_BY_NAME(.init_array.*))
 *(.init_array*)
 .init_array    0x0000000008002e98        0x4 /opt/st/stm32cubeide_1.13.0/plugins/com.st.stm32cube.ide.mcu.externaltools.gnu-tools-for-stm32.11.3.rel1.linux64_1.1.0.202305231506/tools/bin/../lib/gcc/arm-none-eabi/11.3.1/thumb/v7e-m+fp/hard/crtbegin.o
                0x0000000008002e9c                PROVIDE (__init_array_end = .)
                0x0000000008002e9c                . = ALIGN (0x4)

.fini_array     0x0000000008002e9c        0x4
                0x0000000008002e9c                . = ALIGN (0x4)
                [!provide]                        PROVIDE (__fini_array_start = .)
 *(SORT_BY_NAME(.fini_array.*))
 *(.fini_array*)
 .fini_array    0x0000000008002e9c        0x4 /opt/st/stm32cubeide_1.13.0/plugins/com.st.stm32cube.ide.mcu.externaltools.gnu-tools-for-stm32.11.3.rel1.linux64_1.1.0.202305231506/tools/bin/../lib/gcc/arm-none-eabi/11.3.1/thumb/v7e-m+fp/hard/crtbegin.o
                [!provide]                        PROVIDE (__fini_array_end = .)
                0x0000000008002ea0                . = ALIGN (0x4)
                0x0000000008002ea0                _sidata = LOADADDR (.data)

.data           0x0000000020000000        0xc load address 0x0000000008002ea0
                0x0000000020000000                . = ALIGN (0x4)
                0x0000000020000000                _sdata = .
 *(.data)
 *(.data*)
 .data.SystemCoreClock
                0x0000000020000000        0x4 ./Core/Src/system_stm32f3xx.o
                0x0000000020000000                SystemCoreClock
 .data.uwTickPrio
                0x0000000020000004        0x4 ./Drivers/STM32F3xx_HAL_Driver/Src/stm32f3xx_hal.o
                0x0000000020000004                uwTickPrio
 .data.uwTickFreq
                0x0000000020000008        0x1 ./Drivers/STM32F3xx_HAL_Driver/Src/stm32f3xx_hal.o
                0x0000000020000008                uwTickFreq
 *(.RamFunc)
 *(.RamFunc*)
                0x000000002000000c                . = ALIGN (0x4)
 *fill*         0x0000000020000009        0x3 
                0x000000002000000c                _edata = .
                0x0000000008002eac                _siccmram = LOADADDR (.ccmram)

.igot.plt       0x000000002000000c        0x0 load address 0x0000000008002eac
 .igot.plt      0x000000002000000c        0x0 /opt/st/stm32cubeide_1.13.0/plugins/com.st.stm32cube.ide.mcu.externaltools.gnu-tools-for-stm32.11.3.rel1.linux64_1.1.0.202305231506/tools/bin/../lib/gcc/arm-none-eabi/11.3.1/thumb/v7e-m+fp/hard/crtbegin.o

.ccmram         0x0000000010000000        0x0 load address 0x0000000008002eac
                0x0000000010000000                . = ALIGN (0x4)
                0x0000000010000000                _sccmram = .
 *(.ccmram)
 *(.ccmram*)
                0x0000000010000000                . = ALIGN (0x4)
                0x0000000010000000                _eccmram = .
                0x0000000010000000                . = ALIGN (0x4)

.bss            0x000000002000000c       0xe8
                0x000000002000000c                _sbss = .
                0x000000002000000c                __bss_start__ = _sbss
 *(.bss)
 .bss           0x000000002000000c       0x1c /opt/st/stm32cubeide_1.13.0/plugins/com.st.stm32cube.ide.mcu.externaltools.gnu-tools-for-stm32.11.3.rel1.linux64_1.1.0.202305231506/tools/bin/../lib/gcc/arm-none-eabi/11.3.1/thumb/v7e-m+fp/hard/crtbegin.o
 *(.bss*)
 .bss.hcan      0x0000000020000028       0x28 ./Core/Src/can.o
                0x0000000020000028                hcan
 .bss.TxHeader.0
                0x0000000020000050       0x18 ./Core/Src/main.o
 .bss.huart2    0x0000000020000068       0x88 ./Core/Src/usart.o
                0x0000000020000068                huart2
 .bss.uwTick    0x00000000200000f0        0x4 ./Drivers/STM32F3xx_HAL_Driver/Src/stm32f3xx_hal.o
                0x00000000200000f0                uwTick
 *(COMMON)
                0x00000000200000f4                . = ALIGN (0x4)
                0x00000000200000f4                _ebss = .
                0x00000000200000f4                __bss_end__ = _ebss

._user_heap_stack
                0x00000000200000f4      0x604
                0x00000000200000f8                . = ALIGN (0x8)
 *fill*         0x00000000200000f4        0x4 
                [!provide]                        PROVIDE (end = .)
                0x00000000200000f8                PROVIDE (_end = .)
                0x00000000200002f8                . = (. + _Min_Heap_Size)
 *fill*         0x00000000200000f8      0x200 
                0x00000000200006f8                . = (. + _Min_Stack_Size)
 *fill*         0x00000000200002f8      0x400 
                0x00000000200006f8                . = ALIGN (0x8)

/DISCARD/
 libc.a(*)
 libm.a(*)
 libgcc.a(*)

.ARM.attributes
                0x0000000000000000       0x30
 *(.ARM.attributes)
 .ARM.attributes
                0x0000000000000000       0x1e /opt/st/stm32cubeide_1.13.0/plugins/com.st.stm32cube.ide.mcu.externaltools.gnu-tools-for-stm32.11.3.rel1.linux64_1.1.0.202305231506/tools/bin/../lib/gcc/arm-none-eabi/11.3.1/thumb/v7e-m+fp/hard/crti.o
 .ARM.attributes
                0x000000000000001e       0x34 /opt/st/stm32cubeide_1.13.0/plugins/com.st.stm32cube.ide.mcu.externaltools.gnu-tools-for-stm32.11.3.rel1.linux64_1.1.0.202305231506/tools/bin/../lib/gcc/arm-none-eabi/11.3.1/thumb/v7e-m+fp/hard/crtbegin.o
 .ARM.attributes
                0x0000000000000052       0x34 ./Core/Src/can.o
 .ARM.attributes
                0x0000000000000086       0x34 ./Core/Src/gpio.o
 .ARM.attributes
                0x00000000000000ba       0x34 ./Core/Src/main.o
 .ARM.attributes
                0x00000000000000ee       0x34 ./Core/Src/stm32f3xx_hal_msp.o
 .ARM.attributes
                0x0000000000000122       0x34 ./Core/Src/stm32f3xx_it.o
 .ARM.attributes
                0x0000000000000156       0x34 ./Core/Src/system_stm32f3xx.o
 .ARM.attributes
                0x000000000000018a       0x34 ./Core/Src/usart.o
 .ARM.attributes
                0x00000000000001be       0x21 ./Core/Startup/startup_stm32f303k8tx.o
 .ARM.attributes
                0x00000000000001df       0x34 ./Drivers/STM32F3xx_HAL_Driver/Src/stm32f3xx_hal.o
 .ARM.attributes
                0x0000000000000213       0x34 ./Drivers/STM32F3xx_HAL_Driver/Src/stm32f3xx_hal_can.o
 .ARM.attributes
                0x0000000000000247       0x34 ./Drivers/STM32F3xx_HAL_Driver/Src/stm32f3xx_hal_cortex.o
 .ARM.attributes
                0x000000000000027b       0x34 ./Drivers/STM32F3xx_HAL_Driver/Src/stm32f3xx_hal_gpio.o
 .ARM.attributes
                0x00000000000002af       0x34 ./Drivers/STM32F3xx_HAL_Driver/Src/stm32f3xx_hal_rcc.o
 .ARM.attributes
                0x00000000000002e3       0x34 ./Drivers/STM32F3xx_HAL_Driver/Src/stm32f3xx_hal_uart.o
 .ARM.attributes
                0x0000000000000317       0x34 /opt/st/stm32cubeide_1.13.0/plugins/com.st.stm32cube.ide.mcu.externaltools.gnu-tools-for-stm32.11.3.rel1.linux64_1.1.0.202305231506/tools/bin/../lib/gcc/arm-none-eabi/11.3.1/../../../../arm-none-eabi/lib/thumb/v7e-m+fp/hard/libc_nano.a(libc_a-memset.o)
 .ARM.attributes
                0x000000000000034b       0x34 /opt/st/stm32cubeide_1.13.0/plugins/com.st.stm32cube.ide.mcu.externaltools.gnu-tools-for-stm32.11.3.rel1.linux64_1.1.0.202305231506/tools/bin/../lib/gcc/arm-none-eabi/11.3.1/../../../../arm-none-eabi/lib/thumb/v7e-m+fp/hard/libc_nano.a(libc_a-init.o)
 .ARM.attributes
                0x000000000000037f       0x17 /opt/st/stm32cubeide_1.13.0/plugins/com.st.stm32cube.ide.mcu.externaltools.gnu-tools-for-stm32.11.3.rel1.linux64_1.1.0.202305231506/tools/bin/../lib/gcc/arm-none-eabi/11.3.1/../../../../arm-none-eabi/lib/thumb/v7e-m+fp/hard/libc_nano.a(libc_a-strlen.o)
 .ARM.attributes
                0x0000000000000396       0x1e /opt/st/stm32cubeide_1.13.0/plugins/com.st.stm32cube.ide.mcu.externaltools.gnu-tools-for-stm32.11.3.rel1.linux64_1.1.0.202305231506/tools/bin/../lib/gcc/arm-none-eabi/11.3.1/thumb/v7e-m+fp/hard/crtn.o
OUTPUT(vstest.elf elf32-littlearm)
LOAD linker stubs
LOAD /opt/st/stm32cubeide_1.13.0/plugins/com.st.stm32cube.ide.mcu.externaltools.gnu-tools-for-stm32.11.3.rel1.linux64_1.1.0.202305231506/tools/bin/../lib/gcc/arm-none-eabi/11.3.1/../../../../arm-none-eabi/lib/thumb/v7e-m+fp/hard/libc.a
LOAD /opt/st/stm32cubeide_1.13.0/plugins/com.st.stm32cube.ide.mcu.externaltools.gnu-tools-for-stm32.11.3.rel1.linux64_1.1.0.202305231506/tools/bin/../lib/gcc/arm-none-eabi/11.3.1/../../../../arm-none-eabi/lib/thumb/v7e-m+fp/hard/libm.a
LOAD /opt/st/stm32cubeide_1.13.0/plugins/com.st.stm32cube.ide.mcu.externaltools.gnu-tools-for-stm32.11.3.rel1.linux64_1.1.0.202305231506/tools/bin/../lib/gcc/arm-none-eabi/11.3.1/thumb/v7e-m+fp/hard/libgcc.a

.comment        0x0000000000000000       0x43
 .comment       0x0000000000000000       0x43 /opt/st/stm32cubeide_1.13.0/plugins/com.st.stm32cube.ide.mcu.externaltools.gnu-tools-for-stm32.11.3.rel1.linux64_1.1.0.202305231506/tools/bin/../lib/gcc/arm-none-eabi/11.3.1/thumb/v7e-m+fp/hard/crtbegin.o
                                         0x44 (size before relaxing)
 .comment       0x0000000000000043       0x44 ./Core/Src/can.o
 .comment       0x0000000000000043       0x44 ./Core/Src/gpio.o
 .comment       0x0000000000000043       0x44 ./Core/Src/main.o
 .comment       0x0000000000000043       0x44 ./Core/Src/stm32f3xx_hal_msp.o
 .comment       0x0000000000000043       0x44 ./Core/Src/stm32f3xx_it.o
 .comment       0x0000000000000043       0x44 ./Core/Src/system_stm32f3xx.o
 .comment       0x0000000000000043       0x44 ./Core/Src/usart.o
 .comment       0x0000000000000043       0x44 ./Drivers/STM32F3xx_HAL_Driver/Src/stm32f3xx_hal.o
 .comment       0x0000000000000043       0x44 ./Drivers/STM32F3xx_HAL_Driver/Src/stm32f3xx_hal_can.o
 .comment       0x0000000000000043       0x44 ./Drivers/STM32F3xx_HAL_Driver/Src/stm32f3xx_hal_cortex.o
 .comment       0x0000000000000043       0x44 ./Drivers/STM32F3xx_HAL_Driver/Src/stm32f3xx_hal_gpio.o
 .comment       0x0000000000000043       0x44 ./Drivers/STM32F3xx_HAL_Driver/Src/stm32f3xx_hal_rcc.o
 .comment       0x0000000000000043       0x44 ./Drivers/STM32F3xx_HAL_Driver/Src/stm32f3xx_hal_uart.o

.debug_info     0x0000000000000000     0x9ce2
 .debug_info    0x0000000000000000      0x752 ./Core/Src/can.o
 .debug_info    0x0000000000000752      0x18d ./Core/Src/gpio.o
 .debug_info    0x00000000000008df      0xdf6 ./Core/Src/main.o
 .debug_info    0x00000000000016d5      0x18d ./Core/Src/stm32f3xx_hal_msp.o
 .debug_info    0x0000000000001862      0x113 ./Core/Src/stm32f3xx_it.o
 .debug_info    0x0000000000001975      0x407 ./Core/Src/system_stm32f3xx.o
 .debug_info    0x0000000000001d7c      0x91d ./Core/Src/usart.o
 .debug_info    0x0000000000002699       0x23 ./Core/Startup/startup_stm32f303k8tx.o
 .debug_info    0x00000000000026bc      0x74a ./Drivers/STM32F3xx_HAL_Driver/Src/stm32f3xx_hal.o
 .debug_info    0x0000000000002e06      0xf16 ./Drivers/STM32F3xx_HAL_Driver/Src/stm32f3xx_hal_can.o
 .debug_info    0x0000000000003d1c      0xa87 ./Drivers/STM32F3xx_HAL_Driver/Src/stm32f3xx_hal_cortex.o
 .debug_info    0x00000000000047a3      0x6a6 ./Drivers/STM32F3xx_HAL_Driver/Src/stm32f3xx_hal_gpio.o
 .debug_info    0x0000000000004e49     0x14f1 ./Drivers/STM32F3xx_HAL_Driver/Src/stm32f3xx_hal_rcc.o
 .debug_info    0x000000000000633a     0x39a8 ./Drivers/STM32F3xx_HAL_Driver/Src/stm32f3xx_hal_uart.o

.debug_abbrev   0x0000000000000000     0x185e
 .debug_abbrev  0x0000000000000000      0x212 ./Core/Src/can.o
 .debug_abbrev  0x0000000000000212       0xc6 ./Core/Src/gpio.o
 .debug_abbrev  0x00000000000002d8      0x277 ./Core/Src/main.o
 .debug_abbrev  0x000000000000054f       0xc6 ./Core/Src/stm32f3xx_hal_msp.o
 .debug_abbrev  0x0000000000000615       0x73 ./Core/Src/stm32f3xx_it.o
 .debug_abbrev  0x0000000000000688      0x11a ./Core/Src/system_stm32f3xx.o
 .debug_abbrev  0x00000000000007a2      0x1f5 ./Core/Src/usart.o
 .debug_abbrev  0x0000000000000997       0x12 ./Core/Startup/startup_stm32f303k8tx.o
 .debug_abbrev  0x00000000000009a9      0x215 ./Drivers/STM32F3xx_HAL_Driver/Src/stm32f3xx_hal.o
 .debug_abbrev  0x0000000000000bbe      0x20d ./Drivers/STM32F3xx_HAL_Driver/Src/stm32f3xx_hal_can.o
 .debug_abbrev  0x0000000000000dcb      0x2f8 ./Drivers/STM32F3xx_HAL_Driver/Src/stm32f3xx_hal_cortex.o
 .debug_abbrev  0x00000000000010c3      0x1ca ./Drivers/STM32F3xx_HAL_Driver/Src/stm32f3xx_hal_gpio.o
 .debug_abbrev  0x000000000000128d      0x300 ./Drivers/STM32F3xx_HAL_Driver/Src/stm32f3xx_hal_rcc.o
 .debug_abbrev  0x000000000000158d      0x2d1 ./Drivers/STM32F3xx_HAL_Driver/Src/stm32f3xx_hal_uart.o

.debug_aranges  0x0000000000000000      0x7a8
 .debug_aranges
                0x0000000000000000       0x30 ./Core/Src/can.o
 .debug_aranges
                0x0000000000000030       0x20 ./Core/Src/gpio.o
 .debug_aranges
                0x0000000000000050       0x38 ./Core/Src/main.o
 .debug_aranges
                0x0000000000000088       0x20 ./Core/Src/stm32f3xx_hal_msp.o
 .debug_aranges
                0x00000000000000a8       0x60 ./Core/Src/stm32f3xx_it.o
 .debug_aranges
                0x0000000000000108       0x28 ./Core/Src/system_stm32f3xx.o
 .debug_aranges
                0x0000000000000130       0x30 ./Core/Src/usart.o
 .debug_aranges
                0x0000000000000160       0x28 ./Core/Startup/startup_stm32f303k8tx.o
 .debug_aranges
                0x0000000000000188       0xe0 ./Drivers/STM32F3xx_HAL_Driver/Src/stm32f3xx_hal.o
 .debug_aranges
                0x0000000000000268      0x138 ./Drivers/STM32F3xx_HAL_Driver/Src/stm32f3xx_hal_can.o
 .debug_aranges
                0x00000000000003a0      0x100 ./Drivers/STM32F3xx_HAL_Driver/Src/stm32f3xx_hal_cortex.o
 .debug_aranges
                0x00000000000004a0       0x58 ./Drivers/STM32F3xx_HAL_Driver/Src/stm32f3xx_hal_gpio.o
 .debug_aranges
                0x00000000000004f8       0x88 ./Drivers/STM32F3xx_HAL_Driver/Src/stm32f3xx_hal_rcc.o
 .debug_aranges
                0x0000000000000580      0x228 ./Drivers/STM32F3xx_HAL_Driver/Src/stm32f3xx_hal_uart.o

.debug_rnglists
                0x0000000000000000      0x5ce
 .debug_rnglists
                0x0000000000000000       0x20 ./Core/Src/can.o
 .debug_rnglists
                0x0000000000000020       0x13 ./Core/Src/gpio.o
 .debug_rnglists
                0x0000000000000033       0x27 ./Core/Src/main.o
 .debug_rnglists
                0x000000000000005a       0x13 ./Core/Src/stm32f3xx_hal_msp.o
 .debug_rnglists
                0x000000000000006d       0x43 ./Core/Src/stm32f3xx_it.o
 .debug_rnglists
                0x00000000000000b0       0x1a ./Core/Src/system_stm32f3xx.o
 .debug_rnglists
                0x00000000000000ca       0x20 ./Core/Src/usart.o
 .debug_rnglists
                0x00000000000000ea       0x19 ./Core/Startup/startup_stm32f303k8tx.o
 .debug_rnglists
                0x0000000000000103       0xa3 ./Drivers/STM32F3xx_HAL_Driver/Src/stm32f3xx_hal.o
 .debug_rnglists
                0x00000000000001a6       0xee ./Drivers/STM32F3xx_HAL_Driver/Src/stm32f3xx_hal_can.o
 .debug_rnglists
                0x0000000000000294       0xbb ./Drivers/STM32F3xx_HAL_Driver/Src/stm32f3xx_hal_cortex.o
 .debug_rnglists
                0x000000000000034f       0x3f ./Drivers/STM32F3xx_HAL_Driver/Src/stm32f3xx_hal_gpio.o
 .debug_rnglists
                0x000000000000038e       0x66 ./Drivers/STM32F3xx_HAL_Driver/Src/stm32f3xx_hal_rcc.o
 .debug_rnglists
                0x00000000000003f4      0x1da ./Drivers/STM32F3xx_HAL_Driver/Src/stm32f3xx_hal_uart.o

.debug_macro    0x0000000000000000    0x1ab34
 .debug_macro   0x0000000000000000      0x1d4 ./Core/Src/can.o
 .debug_macro   0x00000000000001d4      0xaa8 ./Core/Src/can.o
 .debug_macro   0x0000000000000c7c      0x157 ./Core/Src/can.o
 .debug_macro   0x0000000000000dd3       0x2e ./Core/Src/can.o
 .debug_macro   0x0000000000000e01       0x28 ./Core/Src/can.o
 .debug_macro   0x0000000000000e29       0x22 ./Core/Src/can.o
 .debug_macro   0x0000000000000e4b       0x8e ./Core/Src/can.o
 .debug_macro   0x0000000000000ed9       0x51 ./Core/Src/can.o
 .debug_macro   0x0000000000000f2a      0x103 ./Core/Src/can.o
 .debug_macro   0x000000000000102d       0x6a ./Core/Src/can.o
 .debug_macro   0x0000000000001097      0x1df ./Core/Src/can.o
 .debug_macro   0x0000000000001276       0x1c ./Core/Src/can.o
 .debug_macro   0x0000000000001292       0x22 ./Core/Src/can.o
 .debug_macro   0x00000000000012b4       0xd9 ./Core/Src/can.o
 .debug_macro   0x000000000000138d      0xf07 ./Core/Src/can.o
 .debug_macro   0x0000000000002294    0x10be0 ./Core/Src/can.o
 .debug_macro   0x0000000000012e74       0x6d ./Core/Src/can.o
 .debug_macro   0x0000000000012ee1     0x3558 ./Core/Src/can.o
 .debug_macro   0x0000000000016439      0x174 ./Core/Src/can.o
 .debug_macro   0x00000000000165ad       0x55 ./Core/Src/can.o
 .debug_macro   0x0000000000016602      0x8f8 ./Core/Src/can.o
 .debug_macro   0x0000000000016efa      0x304 ./Core/Src/can.o
 .debug_macro   0x00000000000171fe      0x1b5 ./Core/Src/can.o
 .debug_macro   0x00000000000173b3      0x11b ./Core/Src/can.o
 .debug_macro   0x00000000000174ce      0x1d5 ./Core/Src/can.o
 .debug_macro   0x00000000000176a3      0x1bc ./Core/Src/can.o
 .debug_macro   0x000000000001785f       0x34 ./Core/Src/can.o
 .debug_macro   0x0000000000017893       0x3c ./Core/Src/can.o
 .debug_macro   0x00000000000178cf       0x57 ./Core/Src/can.o
 .debug_macro   0x0000000000017926      0x408 ./Core/Src/can.o
 .debug_macro   0x0000000000017d2e       0xc5 ./Core/Src/can.o
 .debug_macro   0x0000000000017df3      0x19f ./Core/Src/can.o
 .debug_macro   0x0000000000017f92      0x22c ./Core/Src/can.o
 .debug_macro   0x00000000000181be       0x5b ./Core/Src/can.o
 .debug_macro   0x0000000000018219       0xa5 ./Core/Src/can.o
 .debug_macro   0x00000000000182be       0x81 ./Core/Src/can.o
 .debug_macro   0x000000000001833f       0xd3 ./Core/Src/can.o
 .debug_macro   0x0000000000018412      0x5ba ./Core/Src/can.o
 .debug_macro   0x00000000000189cc       0x44 ./Core/Src/can.o
 .debug_macro   0x0000000000018a10      0x285 ./Core/Src/can.o
 .debug_macro   0x0000000000018c95       0x28 ./Core/Src/can.o
 .debug_macro   0x0000000000018cbd      0x1d4 ./Core/Src/gpio.o
 .debug_macro   0x0000000000018e91      0x2ba ./Core/Src/main.o
 .debug_macro   0x000000000001914b       0x61 ./Core/Src/main.o
 .debug_macro   0x00000000000191ac       0x2a ./Core/Src/main.o
 .debug_macro   0x00000000000191d6       0x43 ./Core/Src/main.o
 .debug_macro   0x0000000000019219       0x34 ./Core/Src/main.o
 .debug_macro   0x000000000001924d       0x16 ./Core/Src/main.o
 .debug_macro   0x0000000000019263       0x43 ./Core/Src/main.o
 .debug_macro   0x00000000000192a6       0x34 ./Core/Src/main.o
 .debug_macro   0x00000000000192da       0x10 ./Core/Src/main.o
 .debug_macro   0x00000000000192ea       0x58 ./Core/Src/main.o
 .debug_macro   0x0000000000019342       0x8e ./Core/Src/main.o
 .debug_macro   0x00000000000193d0       0x1c ./Core/Src/main.o
 .debug_macro   0x00000000000193ec      0x177 ./Core/Src/main.o
 .debug_macro   0x0000000000019563      0x369 ./Core/Src/main.o
 .debug_macro   0x00000000000198cc       0x10 ./Core/Src/main.o
 .debug_macro   0x00000000000198dc       0x35 ./Core/Src/main.o
 .debug_macro   0x0000000000019911       0x20 ./Core/Src/main.o
 .debug_macro   0x0000000000019931      0x1ca ./Core/Src/stm32f3xx_hal_msp.o
 .debug_macro   0x0000000000019afb      0x1d4 ./Core/Src/stm32f3xx_it.o
 .debug_macro   0x0000000000019ccf      0x1bb ./Core/Src/system_stm32f3xx.o
 .debug_macro   0x0000000000019e8a      0x1d4 ./Core/Src/usart.o
 .debug_macro   0x000000000001a05e      0x1df ./Drivers/STM32F3xx_HAL_Driver/Src/stm32f3xx_hal.o
 .debug_macro   0x000000000001a23d      0x1c3 ./Drivers/STM32F3xx_HAL_Driver/Src/stm32f3xx_hal_can.o
 .debug_macro   0x000000000001a400      0x1bb ./Drivers/STM32F3xx_HAL_Driver/Src/stm32f3xx_hal_cortex.o
 .debug_macro   0x000000000001a5bb      0x1c2 ./Drivers/STM32F3xx_HAL_Driver/Src/stm32f3xx_hal_gpio.o
 .debug_macro   0x000000000001a77d      0x1df ./Drivers/STM32F3xx_HAL_Driver/Src/stm32f3xx_hal_rcc.o
 .debug_macro   0x000000000001a95c      0x1d8 ./Drivers/STM32F3xx_HAL_Driver/Src/stm32f3xx_hal_uart.o

.debug_line     0x0000000000000000     0xa55a
 .debug_line    0x0000000000000000      0x6fb ./Core/Src/can.o
 .debug_line    0x00000000000006fb      0x68a ./Core/Src/gpio.o
 .debug_line    0x0000000000000d85      0x8b0 ./Core/Src/main.o
 .debug_line    0x0000000000001635      0x68e ./Core/Src/stm32f3xx_hal_msp.o
 .debug_line    0x0000000000001cc3      0x750 ./Core/Src/stm32f3xx_it.o
 .debug_line    0x0000000000002413      0x704 ./Core/Src/system_stm32f3xx.o
 .debug_line    0x0000000000002b17      0x6fd ./Core/Src/usart.o
 .debug_line    0x0000000000003214       0x7a ./Core/Startup/startup_stm32f303k8tx.o
 .debug_line    0x000000000000328e      0x939 ./Drivers/STM32F3xx_HAL_Driver/Src/stm32f3xx_hal.o
 .debug_line    0x0000000000003bc7     0x10de ./Drivers/STM32F3xx_HAL_Driver/Src/stm32f3xx_hal_can.o
 .debug_line    0x0000000000004ca5      0xb21 ./Drivers/STM32F3xx_HAL_Driver/Src/stm32f3xx_hal_cortex.o
 .debug_line    0x00000000000057c6      0xa84 ./Drivers/STM32F3xx_HAL_Driver/Src/stm32f3xx_hal_gpio.o
 .debug_line    0x000000000000624a     0x1313 ./Drivers/STM32F3xx_HAL_Driver/Src/stm32f3xx_hal_rcc.o
 .debug_line    0x000000000000755d     0x2ffd ./Drivers/STM32F3xx_HAL_Driver/Src/stm32f3xx_hal_uart.o

.debug_str      0x0000000000000000    0x9c562
 .debug_str     0x0000000000000000    0x9712d ./Core/Src/can.o
                                      0x973e5 (size before relaxing)
 .debug_str     0x000000000009712d       0x2c ./Core/Src/gpio.o
                                      0x9701e (size before relaxing)
 .debug_str     0x0000000000097159     0x375d ./Core/Src/main.o
                                      0x9aa80 (size before relaxing)
 .debug_str     0x000000000009a8b6       0x2c ./Core/Src/stm32f3xx_hal_msp.o
                                      0x9701e (size before relaxing)
 .debug_str     0x000000000009a8e2       0xc9 ./Core/Src/stm32f3xx_it.o
                                      0x9704d (size before relaxing)
 .debug_str     0x000000000009a9ab       0xdf ./Core/Src/system_stm32f3xx.o
                                      0x9705d (size before relaxing)
 .debug_str     0x000000000009aa8a       0x51 ./Core/Src/usart.o
                                      0x97571 (size before relaxing)
 .debug_str     0x000000000009aadb       0x34 ./Core/Startup/startup_stm32f303k8tx.o
                                         0x68 (size before relaxing)
 .debug_str     0x000000000009ab0f      0x5f3 ./Drivers/STM32F3xx_HAL_Driver/Src/stm32f3xx_hal.o
                                      0x9774d (size before relaxing)
 .debug_str     0x000000000009b102      0x4f8 ./Drivers/STM32F3xx_HAL_Driver/Src/stm32f3xx_hal_can.o
                                      0x977e4 (size before relaxing)
 .debug_str     0x000000000009b5fa      0x23f ./Drivers/STM32F3xx_HAL_Driver/Src/stm32f3xx_hal_cortex.o
                                      0x97672 (size before relaxing)
 .debug_str     0x000000000009b839      0x1bb ./Drivers/STM32F3xx_HAL_Driver/Src/stm32f3xx_hal_gpio.o
                                      0x9723c (size before relaxing)
 .debug_str     0x000000000009b9f4      0x2c3 ./Drivers/STM32F3xx_HAL_Driver/Src/stm32f3xx_hal_rcc.o
                                      0x974fd (size before relaxing)
 .debug_str     0x000000000009bcb7      0x8ab ./Drivers/STM32F3xx_HAL_Driver/Src/stm32f3xx_hal_uart.o
                                      0x97d80 (size before relaxing)

.debug_frame    0x0000000000000000     0x1dd4
 .debug_frame   0x0000000000000000       0x74 ./Core/Src/can.o
 .debug_frame   0x0000000000000074       0x38 ./Core/Src/gpio.o
 .debug_frame   0x00000000000000ac       0x90 ./Core/Src/main.o
 .debug_frame   0x000000000000013c       0x38 ./Core/Src/stm32f3xx_hal_msp.o
 .debug_frame   0x0000000000000174      0x104 ./Core/Src/stm32f3xx_it.o
 .debug_frame   0x0000000000000278       0x58 ./Core/Src/system_stm32f3xx.o
 .debug_frame   0x00000000000002d0       0x74 ./Core/Src/usart.o
 .debug_frame   0x0000000000000344      0x334 ./Drivers/STM32F3xx_HAL_Driver/Src/stm32f3xx_hal.o
 .debug_frame   0x0000000000000678      0x5a0 ./Drivers/STM32F3xx_HAL_Driver/Src/stm32f3xx_hal_can.o
 .debug_frame   0x0000000000000c18      0x428 ./Drivers/STM32F3xx_HAL_Driver/Src/stm32f3xx_hal_cortex.o
 .debug_frame   0x0000000000001040      0x14c ./Drivers/STM32F3xx_HAL_Driver/Src/stm32f3xx_hal_gpio.o
 .debug_frame   0x000000000000118c      0x214 ./Drivers/STM32F3xx_HAL_Driver/Src/stm32f3xx_hal_rcc.o
 .debug_frame   0x00000000000013a0      0x9e8 ./Drivers/STM32F3xx_HAL_Driver/Src/stm32f3xx_hal_uart.o
 .debug_frame   0x0000000000001d88       0x20 /opt/st/stm32cubeide_1.13.0/plugins/com.st.stm32cube.ide.mcu.externaltools.gnu-tools-for-stm32.11.3.rel1.linux64_1.1.0.202305231506/tools/bin/../lib/gcc/arm-none-eabi/11.3.1/../../../../arm-none-eabi/lib/thumb/v7e-m+fp/hard/libc_nano.a(libc_a-memset.o)
 .debug_frame   0x0000000000001da8       0x2c /opt/st/stm32cubeide_1.13.0/plugins/com.st.stm32cube.ide.mcu.externaltools.gnu-tools-for-stm32.11.3.rel1.linux64_1.1.0.202305231506/tools/bin/../lib/gcc/arm-none-eabi/11.3.1/../../../../arm-none-eabi/lib/thumb/v7e-m+fp/hard/libc_nano.a(libc_a-init.o)

.debug_line_str
                0x0000000000000000       0x5c
 .debug_line_str
                0x0000000000000000       0x5c ./Core/Startup/startup_stm32f303k8tx.o
                                         0x74 (size before relaxing)
